16:24:21 **** Incremental Build of configuration Debug for project project_1 ****
make all 
Building file: ../src/helloworld.c
Invoking: MicroBlaze gcc compiler
mb-gcc -Wall -O0 -g3 -c -fmessage-length=0 -MT"src/helloworld.o" -I../../project_1_bsp/microblaze_0/include -mlittle-endian -mcpu=v11.0 -mxl-soft-mul -Wl,--no-relax -ffunction-sections -fdata-sections -MMD -MP -MF"src/helloworld.d" -MT"src/helloworld.o" -o "src/helloworld.o" "../src/helloworld.c"
Finished building: ../src/helloworld.c
 
Building target: project_1.elf
Invoking: MicroBlaze gcc linker
mb-gcc -Wl,-T -Wl,../src/lscript.ld -L../../project_1_bsp/microblaze_0/lib -mlittle-endian -mcpu=v11.0 -mxl-soft-mul -Wl,--no-relax -Wl,--gc-sections -o "project_1.elf" ./src/helloworld.o ./src/platform.o   -Wl,--start-group,-lxil,-lgcc,-lc,--end-group
Finished building target: project_1.elf
 
Invoking: MicroBlaze Print Size
mb-size project_1.elf  |tee "project_1.elf.size"
   text	   data	    bss	    dec	    hex	filename
   3332	    268	   3112	   6712	   1a38	project_1.elf
Finished building: project_1.elf.size
 

16:24:22 Build Finished (took 154ms)

